id,clean,dirty,accrued,ytm_cc,mod_duration,macaulay_duration,convexity,dv01,krd_2,krd_5,krd_10,krd_30
DEMO-5Y,1009616.9911724339475,1009616.9911724339475,0.0,,4.765006706532605,4.765006706532605,23.367906750636454,4809652.296910062,94451.45796402358,4685684.630558826,5012.434110976756,0.0
DEMO-10Y,1062433.334382953712,1062433.334382953712,0.0,,8.641395087499294,8.641395087499294,81.63385716360227,9176571.07433537,132232.04114940017,609719.7158401832,8393994.18054847,6437.901894096285
DEMO-0C-3Y,937518.641012071,937518.641012071,0.0,,3.0027397260273974,3.0027397260273974,9.016445862263089,2814701.855254825,1248229.3887250125,1566681.057298556,0.0,0.0
